
> frontend@0.0.0 build
> vite build

npm : [33mYou are using 
Node.js 20.12.2. Vite 
requires Node.js version 
20.19+ or 22.12+. Please 
upgrade your Node.js 
version.[39m
At line:1 char:1
+ npm run build > 
build_output.txt 2>&1
+ ~~~~~~~~~~~~~~~~~~~~~~~~
~~~~~~~~~~~~~
    + CategoryInfo        
      : NotSpecified: (  
  [33mYou are us...s ve   
 rsion.[39m:String) [    
], RemoteException
    + FullyQualifiedError 
   Id : NativeCommandErr  
  or
 
file:///C:/Users/HARIC/One
Drive/Desktop/job-portal-s
ystem/frontend/node_module
s/rolldown/dist/shared/bin
ding-s-V_wTpj.mjs:507
		if (loadErrors.length > 
0) throw new 
Error("Cannot find native 
binding. npm has a bug 
related to optional 
dependencies (https://gith
ub.com/npm/cli/issues/4828
). Please try `npm i` 
again after removing both 
package-lock.json and 
node_modules directory.", 
{ cause: 
loadErrors.reduce((err, 
cur) => {
		                        
         ^

Error: Cannot find native 
binding. npm has a bug 
related to optional 
dependencies (https://gith
ub.com/npm/cli/issues/4828
). Please try `npm i` 
again after removing both 
package-lock.json and 
node_modules directory.
    at file:///C:/Users/HA
RIC/OneDrive/Desktop/job-p
ortal-system/frontend/node
_modules/rolldown/dist/sha
red/binding-s-V_wTpj.mjs:5
07:36
    at file:///C:/Users/HA
RIC/OneDrive/Desktop/job-p
ortal-system/frontend/node
_modules/rolldown/dist/sha
red/binding-s-V_wTpj.mjs:9
:48
    ... 2 lines matching 
cause stack trace ...
    at async 
ModuleLoader.import (node:
internal/modules/esm/loade
r:323:24)
    at async 
CAC.<anonymous> (file:///C
:/Users/HARIC/OneDrive/Des
ktop/job-portal-system/fro
ntend/node_modules/vite/di
st/node/cli.js:764:28) {
  [cause]: Error: Cannot 
find module '@rolldown/bin
ding-win32-x64-msvc'
  Require stack:
  - C:\Users\HARIC\OneDriv
e\Desktop\job-portal-syste
m\frontend\node_modules\ro
lldown\dist\shared\binding
-s-V_wTpj.mjs
      at 
Module._resolveFilename (n
ode:internal/modules/cjs/l
oader:1143:15)
      ... 2 lines 
matching cause stack 
trace ...
      at require (node:int
ernal/modules/helpers:179:
18)
      at requireNative (fi
le:///C:/Users/HARIC/OneDr
ive/Desktop/job-portal-sys
tem/frontend/node_modules/
rolldown/dist/shared/bindi
ng-s-V_wTpj.mjs:147:21)
      at file:///C:/Users/
HARIC/OneDrive/Desktop/job
-portal-system/frontend/no
de_modules/rolldown/dist/s
hared/binding-s-V_wTpj.mjs
:475:18
      at file:///C:/Users/
HARIC/OneDrive/Desktop/job
-portal-system/frontend/no
de_modules/rolldown/dist/s
hared/binding-s-V_wTpj.mjs
:9:48
      at file:///C:/Users/
HARIC/OneDrive/Desktop/job
-portal-system/frontend/no
de_modules/rolldown/dist/s
hared/parse-BywQARUG.mjs:3
:46
      at ModuleJob.run (no
de:internal/modules/esm/mo
dule_job:222:25)
      at async 
ModuleLoader.import (node:
internal/modules/esm/loade
r:323:24) {
    code: 
'MODULE_NOT_FOUND',
    requireStack: [
      'C:\\Users\\HARIC\\O
neDrive\\Desktop\\job-port
al-system\\frontend\\node_
modules\\rolldown\\dist\\s
hared\\binding-s-V_wTpj.mj
s'
    ],
    cause: Error: Cannot 
find module './rolldown-bi
nding.win32-x64-msvc.node'
    Require stack:
    - C:\Users\HARIC\OneDr
ive\Desktop\job-portal-sys
tem\frontend\node_modules\
rolldown\dist\shared\bindi
ng-s-V_wTpj.mjs
        at 
Module._resolveFilename (n
ode:internal/modules/cjs/l
oader:1143:15)
        at Module._load (n
ode:internal/modules/cjs/l
oader:984:27)
        at Module.require 
(node:internal/modules/cjs
/loader:1231:19)
        at require (node:i
nternal/modules/helpers:17
9:18)
        at requireNative (
file:///C:/Users/HARIC/One
Drive/Desktop/job-portal-s
ystem/frontend/node_module
s/rolldown/dist/shared/bin
ding-s-V_wTpj.mjs:142:12)
        at file:///C:/User
s/HARIC/OneDrive/Desktop/j
ob-portal-system/frontend/
node_modules/rolldown/dist
/shared/binding-s-V_wTpj.m
js:475:18
        at file:///C:/User
s/HARIC/OneDrive/Desktop/j
ob-portal-system/frontend/
node_modules/rolldown/dist
/shared/binding-s-V_wTpj.m
js:9:48
        at file:///C:/User
s/HARIC/OneDrive/Desktop/j
ob-portal-system/frontend/
node_modules/rolldown/dist
/shared/parse-BywQARUG.mjs
:3:46
        at ModuleJob.run (
node:internal/modules/esm/
module_job:222:25)
        at async 
ModuleLoader.import (node:
internal/modules/esm/loade
r:323:24) {
      code: 
'MODULE_NOT_FOUND',
      requireStack: [
        'C:\\Users\\HARIC\
\OneDrive\\Desktop\\job-po
rtal-system\\frontend\\nod
e_modules\\rolldown\\dist\
\shared\\binding-s-V_wTpj.
mjs'
      ]
    }
  }
}

Node.js v20.12.2
